// Jest Snapshot v1, https://jestjs.io/docs/snapshot-testing

exports[`AuthController 正常系 registerUserHandler 1`] = `
{
  "email": "test1@test.com",
  "id": 1,
  "name": "Alice",
  "passwordHash": "aaaaaaaaaaaaaaaaaaaaaaaaaaaaaaaaaaaaaaaaaaaaaaaaaa",
  "role": "user",
}
`;
